[rn53themes.net/themes/demo/lava-admin/index.html]
[backblue.gif]
[fade.gif]
[index.html]
[rn53themes.net/themes/demo/lava-admin/images/fav.ico]
[rn53themes.net/themes/demo/lava-admin/index-2.html]
[rn53themes.net/themes/demo/lava-admin/images/logo1.png]
[rn53themes.net/themes/demo/lava-admin/images/user/6.png]
[rn53themes.net/themes/demo/lava-admin/setting.html]
[rn53themes.net/themes/demo/lava-admin/listing-all.html]
[rn53themes.net/themes/demo/lava-admin/hotel-all.html]
[rn53themes.net/themes/demo/lava-admin/package-all.html]
[rn53themes.net/themes/demo/lava-admin/event-all.html]
[rn53themes.net/themes/demo/lava-admin/offers.html]
[rn53themes.net/themes/demo/lava-admin/user-add.html]
[rn53themes.net/themes/demo/lava-admin/images/placeholder.jpg]
[rn53themes.net/themes/demo/lava-admin/listing-add.html]
[rn53themes.net/themes/demo/lava-admin/listing-cat-all.html]
[rn53themes.net/themes/demo/lava-admin/listing-cat-add.html]
[rn53themes.net/themes/demo/lava-admin/user-all.html]
[rn53themes.net/themes/demo/lava-admin/package-add.html]
[rn53themes.net/themes/demo/lava-admin/package-cat-all.html]
[rn53themes.net/themes/demo/lava-admin/package-cat-add.html]
[rn53themes.net/themes/demo/lava-admin/hotel-add.html]
[rn53themes.net/themes/demo/lava-admin/hotel-room-type-all.html]
[rn53themes.net/themes/demo/lava-admin/hotel-room-type-add.html]
[rn53themes.net/themes/demo/lava-admin/sight-see-all.html]
[rn53themes.net/themes/demo/lava-admin/sight-see-add.html]
[rn53themes.net/themes/demo/lava-admin/event-add.html]
[rn53themes.net/themes/demo/lava-admin/ui-form.html]
[rn53themes.net/themes/demo/lava-admin/ui-kit.html]
[rn53themes.net/themes/demo/lava-admin/ui-table.html]
[rn53themes.net/themes/demo/lava-admin/ui-pre-load.html]
[rn53themes.net/themes/demo/lava-admin/ui-tab.html]
[rn53themes.net/themes/demo/lava-admin/ui-icons.html]
[rn53themes.net/themes/demo/lava-admin/ui-collapsible.html]
[rn53themes.net/themes/demo/lava-admin/discount.html]
[rn53themes.net/themes/demo/lava-admin/discount-add.html]
[rn53themes.net/themes/demo/lava-admin/offers-add.html]
[rn53themes.net/themes/demo/lava-admin/hotel-booking-all.html]
[rn53themes.net/themes/demo/lava-admin/package-booking-all.html]
[rn53themes.net/themes/demo/lava-admin/sight-see-booking-all.html]
[rn53themes.net/themes/demo/lava-admin/event-booking-all.html]
[rn53themes.net/themes/demo/lava-admin/blog-all.html]
[rn53themes.net/themes/demo/lava-admin/blog-add.html]
[rn53themes.net/themes/demo/lava-admin/social-media.html]
[rn53themes.net/themes/demo/lava-admin/login.html]
[rn53themes.net/themes/demo/lava-admin/images/user/1.png]
[rn53themes.net/themes/demo/lava-admin/images/user/2.png]
[rn53themes.net/themes/demo/lava-admin/images/user/3.png]
[rn53themes.net/themes/demo/lava-admin/images/user/4.png]
[rn53themes.net/themes/demo/lava-admin/images/user/5.png]
[rn53themes.net/themes/demo/lava-admin/images/listing/1.jpg]
[rn53themes.net/themes/demo/lava-admin/images/listing/2.jpg]
[rn53themes.net/themes/demo/lava-admin/images/listing/3.jpg]
[rn53themes.net/themes/demo/lava-admin/images/listing/4.jpg]
[rn53themes.net/themes/demo/lava-admin/images/listing/5.jpg]
[rn53themes.net/themes/demo/lava-admin/images/sm/1.png]
[rn53themes.net/themes/demo/lava-admin/images/sm/2.png]
[rn53themes.net/themes/demo/lava-admin/images/sm/3.png]
[rn53themes.net/themes/demo/lava-admin/images/sm/4.png]
[rn53themes.net/themes/demo/lava-admin/images/sm/5.png]
[rn53themes.net/themes/demo/lava-admin/images/sm/6.png]
[rn53themes.net/themes/demo/lava-admin/images/sm/7.png]
[rn53themes.net/themes/demo/lava-admin/js/jquery.min.js]
[rn53themes.net/themes/demo/lava-admin/js/bootstrap.min.js]
[rn53themes.net/themes/demo/lava-admin/js/materialize.min.js]
[rn53themes.net/themes/demo/lava-admin/js/custom.js]
[rn53themes.net/themes/demo/lava-admin/index.html]
[rn53themes.net/themes/demo/lava-admin/fonts/fontawesome-webfont3e6e.eot]
[rn53themes.net/themes/demo/lava-admin/fonts/fontawesome-webfontd41d.eot]
[rn53themes.net/themes/demo/lava-admin/fonts/fontawesome-webfont3e6e.woff2]
[rn53themes.net/themes/demo/lava-admin/fonts/fontawesome-webfont3e6e.woff]
[rn53themes.net/themes/demo/lava-admin/fonts/fontawesome-webfont3e6e.ttf]
[rn53themes.net/themes/demo/lava-admin/fonts/fontawesome-webfont.4a3e6e.delayed]
[rn53themes.net/themes/demo/lava-admin/css/font-awesome.min.css]
[rn53themes.net/themes/demo/lava-admin/fonts/micon.woff2]
[rn53themes.net/themes/demo/lava-admin/images/bg.jpg]
[rn53themes.net/themes/demo/lava-admin/images/bg/1.jpg]
[rn53themes.net/themes/demo/lava-admin/images/bg/2.jpg]
[rn53themes.net/themes/demo/lava-admin/images/bg/3.jpg]
[rn53themes.net/themes/demo/lava-admin/images/bg/4.jpg]
[rn53themes.net/themes/demo/lava-admin/css/style.css]
[rn53themes.net/themes/demo/lava-admin/css/mob.css]
[rn53themes.net/themes/demo/lava-admin/fonts/glyphicons-halflings-regular.51.delayed]
[rn53themes.net/themes/demo/lava-admin/fonts/glyphicons-halflings-regular.52d41d.delayed]
[rn53themes.net/themes/demo/lava-admin/fonts/glyphicons-halflings-regular.53.delayed]
[rn53themes.net/themes/demo/lava-admin/fonts/glyphicons-halflings-regular.54.delayed]
[rn53themes.net/themes/demo/lava-admin/fonts/glyphicons-halflings-regular.55.delayed]
[rn53themes.net/themes/demo/lava-admin/fonts/glyphicons-halflings-regular.56.delayed]
[rn53themes.net/themes/demo/lava-admin/css/bootstrap.css]
[rn53themes.net/themes/demo/lava-admin/css/materialize.css]
[rn53themes.net/themes/demo/lava-admin/index-2.html]
[rn53themes.net/themes/demo/lava-admin/setting.html]
[rn53themes.net/themes/demo/lava-admin/listing-edit.html]
[rn53themes.net/themes/demo/lava-admin/listing-all.html]
[rn53themes.net/themes/demo/lava-admin/hotel-edit.html]
[rn53themes.net/themes/demo/lava-admin/hotel-all.html]
[rn53themes.net/themes/demo/lava-admin/package-edit.html]
[rn53themes.net/themes/demo/lava-admin/package-all.html]
[rn53themes.net/themes/demo/lava-admin/event-edit.html]
[rn53themes.net/themes/demo/lava-admin/event-all.html]
[rn53themes.net/themes/demo/lava-admin/offers-edit.html]
[rn53themes.net/themes/demo/lava-admin/offers.html]
[rn53themes.net/themes/demo/lava-admin/user-add.html]
[rn53themes.net/themes/demo/lava-admin/listing-add.html]
[rn53themes.net/themes/demo/lava-admin/listing-cat-edit.html]
[rn53themes.net/themes/demo/lava-admin/listing-cat-all.html]
[rn53themes.net/themes/demo/lava-admin/listing-cat-add.html]
[rn53themes.net/themes/demo/lava-admin/user-edit.html]
[rn53themes.net/themes/demo/lava-admin/user-view.html]
[rn53themes.net/themes/demo/lava-admin/user-all.html]
[rn53themes.net/themes/demo/lava-admin/package-add.html]
[rn53themes.net/themes/demo/lava-admin/package-cat-edit.html]
[rn53themes.net/themes/demo/lava-admin/package-cat-all.html]
[rn53themes.net/themes/demo/lava-admin/package-cat-add.html]
[rn53themes.net/themes/demo/lava-admin/hotel-add.html]
[rn53themes.net/themes/demo/lava-admin/hotel-room-type-edit.html]
[rn53themes.net/themes/demo/lava-admin/hotel-room-type-all.html]
[rn53themes.net/themes/demo/lava-admin/hotel-room-type-add.html]
[rn53themes.net/themes/demo/lava-admin/sight-see-all.html]
[rn53themes.net/themes/demo/lava-admin/sight-see-add.html]
[rn53themes.net/themes/demo/lava-admin/event-add.html]
[rn53themes.net/themes/demo/lava-admin/ui-form.html]
[rn53themes.net/themes/demo/lava-admin/ui-kit.html]
[rn53themes.net/themes/demo/lava-admin/ui-table.html]
[rn53themes.net/themes/demo/lava-admin/ui-pre-load.html]
[rn53themes.net/themes/demo/lava-admin/ui-tab.html]
[rn53themes.net/themes/demo/lava-admin/ui-icons.html]
[rn53themes.net/themes/demo/lava-admin/ui-collapsible.html]
[rn53themes.net/themes/demo/lava-admin/discount-edit.html]
[rn53themes.net/themes/demo/lava-admin/discount.html]
[rn53themes.net/themes/demo/lava-admin/discount-add.html]
[rn53themes.net/themes/demo/lava-admin/offers-add.html]
[rn53themes.net/themes/demo/lava-admin/hotel-booking-all.html]
[rn53themes.net/themes/demo/lava-admin/package-booking-all.html]
[rn53themes.net/themes/demo/lava-admin/sight-see-booking-all.html]
[rn53themes.net/themes/demo/lava-admin/event-booking-all.html]
[rn53themes.net/themes/demo/lava-admin/blog-edit.html]
[rn53themes.net/themes/demo/lava-admin/blog-all.html]
[rn53themes.net/themes/demo/lava-admin/blog-add.html]
[rn53themes.net/themes/demo/lava-admin/social-media.html]
[rn53themes.net/themes/demo/lava-admin/images/logo.png]
[rn53themes.net/themes/demo/lava-admin/forgot.html]
[rn53themes.net/themes/demo/lava-admin/login.html]
[rn53themes.net/themes/demo/lava-admin/fonts/fontawesome-webfont3e6e.html]
[rn53themes.net/themes/demo/lava-admin/fonts/glyphicons-halflings-regular.html]
[rn53themes.net/themes/demo/lava-admin/fonts/glyphicons-halflings-regulard41d.html]
[rn53themes.net/themes/demo/lava-admin/fonts/glyphicons-halflings-regular-2.html]
[rn53themes.net/themes/demo/lava-admin/fonts/glyphicons-halflings-regular-3.html]
[rn53themes.net/themes/demo/lava-admin/fonts/glyphicons-halflings-regular-4.html]
[rn53themes.net/themes/demo/lava-admin/fonts/glyphicons-halflings-regular-5.html]
[rn53themes.net/themes/demo/lava-admin/listing-edit.html]
[rn53themes.net/themes/demo/lava-admin/hotel-edit.html]
[rn53themes.net/themes/demo/lava-admin/package-edit.html]
[rn53themes.net/themes/demo/lava-admin/event-edit.html]
[rn53themes.net/themes/demo/lava-admin/offers-edit.html]
[rn53themes.net/themes/demo/lava-admin/listing-cat-edit.html]
[rn53themes.net/themes/demo/lava-admin/user-edit.html]
[rn53themes.net/themes/demo/lava-admin/user-view.html]
[rn53themes.net/themes/demo/lava-admin/package-cat-edit.html]
[rn53themes.net/themes/demo/lava-admin/hotel-room-type-edit.html]
[rn53themes.net/themes/demo/lava-admin/discount-edit.html]
[rn53themes.net/themes/demo/lava-admin/blog-edit.html]
[rn53themes.net/themes/demo/lava-admin/forgot.html]
